// Jest Snapshot v1, https://goo.gl/fbAQLP

exports[`my tests practice snapshot 1`] = `
<div>
  <h1>
    Hello React World
  </h1>
  <div
    className="ui card"
    onClick={[Function]}
  >
    <div
      className="content"
    >
      <div
        className="header"
      >
        Contador
      </div>
      <div
        className="meta"
      >
        0
      </div>
      <div
        className="description"
      >
        Presiona - รณ + para modificar
      </div>
    </div>
    <div
      className="extra content"
    >
      <div
        className="ui two buttons"
      >
        <button
          className="ui green basic button"
          onClick={[Function]}
        >
          -
        </button>
        <button
          className="ui red basic button"
          onClick={[Function]}
        >
          +
        </button>
      </div>
    </div>
    <div
      className="content"
    >
      <div>
        <div>
          <button
            onClick={[Function]}
          >
            Incrementar
          </button>
        </div>
      </div>
      <div>
        <div>
          <button
            onClick={[Function]}
          >
            Decrementar
          </button>
        </div>
      </div>
    </div>
  </div>
</div>
`;
